// Jest Snapshot v1, https://goo.gl/fbAQLP

exports[`Test Options component Not found 1`] = `
<div
  className="select"
  onMouseDown={[Function]}
>
  <ul
    className="options"
  >
    <li
      className="not-found"
    >
      Not found
    </li>
  </ul>
</div>
`;
